

================================================================
== Vivado HLS Report for 'dut'
================================================================
* Date:           Sat Oct 28 19:55:02 2017

* Version:        2016.2 (Build 1577090 on Thu Jun 02 16:59:10 MDT 2016)
* Project:        cnn.prj
* Solution:       solution1
* Product family: zynq
* Target device:  xc7z020clg484-1


================================================================
== Performance Estimates
================================================================
+ Timing (ns): 
    * Summary: 
    +--------+-------+----------+------------+
    |  Clock | Target| Estimated| Uncertainty|
    +--------+-------+----------+------------+
    |ap_clk  |  10.00|      8.41|        1.25|
    +--------+-------+----------+------------+

+ Latency (clock cycles): 
    * Summary: 
    +-------+----------+-------+----------+---------+
    |      Latency     |     Interval     | Pipeline|
    |  min  |    max   |  min  |    max   |   Type  |
    +-------+----------+-------+----------+---------+
    |  82596|  12884004|  82597|  12884005|   none  |
    +-------+----------+-------+----------+---------+

    + Detail: 
        * Instance: 
        +-----------------------------+------------------+-------+---------+-------+---------+---------+
        |                             |                  |     Latency     |     Interval    | Pipeline|
        |           Instance          |      Module      |  min  |   max   |  min  |   max   |   Type  |
        +-----------------------------+------------------+-------+---------+-------+---------+---------+
        |grp_dut_perform_conv_fu_168  |dut_perform_conv  |  39971|  6440675|  39971|  6440675|   none  |
        +-----------------------------+------------------+-------+---------+-------+---------+---------+

        * Loop: 
        +----------+------+------+----------+-----------+-----------+------+----------+
        |          |   Latency   | Iteration|  Initiation Interval  | Trip |          |
        | Loop Name|  min |  max |  Latency |  achieved |   target  | Count| Pipelined|
        +----------+------+------+----------+-----------+-----------+------+----------+
        |- Loop 1  |   343|   343|         7|          -|          -|    49|    no    |
        |- Loop 2  |  1152|  1152|         2|          -|          -|   576|    no    |
        |- Loop 3  |  1152|  1152|         2|          -|          -|   576|    no    |
        +----------+------+------+----------+-----------+-----------+------+----------+



================================================================
== Utilization Estimates
================================================================
* Summary: 
+-----------------+---------+-------+--------+-------+
|       Name      | BRAM_18K| DSP48E|   FF   |  LUT  |
+-----------------+---------+-------+--------+-------+
|DSP              |        -|      -|       -|      -|
|Expression       |        -|      -|       0|     38|
|FIFO             |        -|      -|       -|      -|
|Instance         |        -|      8|    1259|   1938|
|Memory           |      136|      -|       0|      0|
|Multiplexer      |        -|      -|       -|    256|
|Register         |        -|      -|     192|      -|
+-----------------+---------+-------+--------+-------+
|Total            |      136|      8|    1451|   2232|
+-----------------+---------+-------+--------+-------+
|Available        |      280|    220|  106400|  53200|
+-----------------+---------+-------+--------+-------+
|Utilization (%)  |       48|      3|       1|      4|
+-----------------+---------+-------+--------+-------+

+ Detail: 
    * Instance: 
    +-----------------------------+----------------------+---------+-------+-----+------+
    |           Instance          |        Module        | BRAM_18K| DSP48E|  FF |  LUT |
    +-----------------------------+----------------------+---------+-------+-----+------+
    |grp_dut_perform_conv_fu_168  |dut_perform_conv      |        0|      8|  919|  1384|
    |dut_uitofp_32ns_32_6_U11     |dut_uitofp_32ns_32_6  |        0|      0|  340|   554|
    +-----------------------------+----------------------+---------+-------+-----+------+
    |Total                        |                      |        0|      8| 1259|  1938|
    +-----------------------------+----------------------+---------+-------+-----+------+

    * DSP48: 
    N/A

    * Memory: 
    +-------------------+---------------------+---------+---+----+-------+-----+------+-------------+
    |       Memory      |        Module       | BRAM_18K| FF| LUT| Words | Bits| Banks| W*Bits*Banks|
    +-------------------+---------------------+---------+---+----+-------+-----+------+-------------+
    |b_conv1_U          |dut_b_conv1          |        1|  0|   0|     64|   32|     1|         2048|
    |b_conv2_U          |dut_b_conv2          |        1|  0|   0|     64|   32|     1|         2048|
    |mem_conv1_U        |dut_mem_conv1        |        2|  0|   0|    800|   32|     1|        25600|
    |mem_conv2_U        |dut_mem_conv1        |        2|  0|   0|    800|   32|     1|        25600|
    |output_V_assign_U  |dut_output_V_assign  |        2|  0|   0|    576|   32|     1|        18432|
    |w_conv1_U          |dut_w_conv1          |       64|  0|   0|  18432|   32|     1|       589824|
    |w_conv2_U          |dut_w_conv2          |       64|  0|   0|  18432|   32|     1|       589824|
    +-------------------+---------------------+---------+---+----+-------+-----+------+-------------+
    |Total              |                     |      136|  0|   0|  39168|  224|     7|      1253376|
    +-------------------+---------------------+---------+---+----+-------+-----+------+-------------+

    * FIFO: 
    N/A

    * Expression: 
    +-----------------------+----------+-------+---+----+------------+------------+
    |     Variable Name     | Operation| DSP48E| FF| LUT| Bitwidth P0| Bitwidth P1|
    +-----------------------+----------+-------+---+----+------------+------------+
    |i_2_fu_264_p2          |     +    |      0|  0|  10|          10|           1|
    |i_3_fu_213_p2          |     +    |      0|  0|   6|           6|           1|
    |i_4_fu_242_p2          |     +    |      0|  0|  10|          10|           1|
    |exitcond1_i_fu_207_p2  |   icmp   |      0|  0|   3|           6|           5|
    |exitcond_fu_258_p2     |   icmp   |      0|  0|   4|          10|          10|
    |exitcond_i_fu_236_p2   |   icmp   |      0|  0|   4|          10|          10|
    |ap_sig_102             |    or    |      0|  0|   1|           1|           1|
    +-----------------------+----------+-------+---+----+------------+------------+
    |Total                  |          |      0|  0|  38|          53|          29|
    +-----------------------+----------+-------+---+----+------------+------------+

    * Multiplexer: 
    +-----------------------------------------+----+-----------+-----+-----------+
    |                   Name                  | LUT| Input Size| Bits| Total Bits|
    +-----------------------------------------+----+-----------+-----+-----------+
    |ap_NS_fsm                                |  15|         17|    1|         17|
    |bvh_d_index_reg_134                      |   6|          2|    6|         12|
    |grp_dut_perform_conv_fu_168_M            |   8|          3|    8|         24|
    |grp_dut_perform_conv_fu_168_N            |   8|          3|    8|         24|
    |grp_dut_perform_conv_fu_168_O            |   4|          3|    4|         12|
    |grp_dut_perform_conv_fu_168_bias_q0      |  32|          3|   32|         96|
    |grp_dut_perform_conv_fu_168_input_r_q0   |  32|          3|   32|         96|
    |grp_dut_perform_conv_fu_168_output_r_q0  |  32|          3|   32|         96|
    |grp_dut_perform_conv_fu_168_weight_q0    |  32|          3|   32|         96|
    |i1_i_reg_146                             |  10|          2|   10|         20|
    |i_reg_157                                |  10|          2|   10|         20|
    |mem_conv1_address0                       |  10|          5|   10|         50|
    |mem_conv1_ce0                            |   1|          4|    1|          4|
    |mem_conv1_d0                             |  32|          3|   32|         96|
    |mem_conv1_we0                            |   1|          3|    1|          3|
    |mem_conv2_address0                       |  10|          3|   10|         30|
    |mem_conv2_ce0                            |   1|          3|    1|          3|
    |output_V_assign_address0                 |  10|          3|   10|         30|
    |strm_in_V_V_blk_n                        |   1|          2|    1|          2|
    |strm_out_V_V_blk_n                       |   1|          2|    1|          2|
    +-----------------------------------------+----+-----------+-----+-----------+
    |Total                                    | 256|         72|  242|        733|
    +-----------------------------------------+----+-----------+-----+-----------+

    * Register: 
    +---------------------------------------------+----+----+-----+-----------+
    |                     Name                    | FF | LUT| Bits| Const Bits|
    +---------------------------------------------+----+----+-----+-----------+
    |ap_CS_fsm                                    |  16|   0|   16|          0|
    |ap_reg_grp_dut_perform_conv_fu_168_ap_start  |   1|   0|    1|          0|
    |bvh_d_index_reg_134                          |   6|   0|    6|          0|
    |i1_i_reg_146                                 |  10|   0|   10|          0|
    |i_2_reg_324                                  |  10|   0|   10|          0|
    |i_3_reg_288                                  |   6|   0|    6|          0|
    |i_4_reg_306                                  |  10|   0|   10|          0|
    |i_reg_157                                    |  10|   0|   10|          0|
    |p_Result_s_reg_280                           |  49|   0|   49|          0|
    |tmp_28_i_reg_298                             |  32|   0|   32|          0|
    |tmp_30_i_reg_311                             |  10|   0|   64|         54|
    |tmp_V_2_reg_275                              |  32|   0|   32|          0|
    +---------------------------------------------+----+----+-----+-----------+
    |Total                                        | 192|   0|  246|         54|
    +---------------------------------------------+----+----+-----+-----------+



================================================================
== Interface
================================================================
* Summary: 
+---------------------+-----+-----+------------+--------------+--------------+
|      RTL Ports      | Dir | Bits|  Protocol  | Source Object|    C Type    |
+---------------------+-----+-----+------------+--------------+--------------+
|ap_clk               |  in |    1| ap_ctrl_hs |      dut     | return value |
|ap_rst               |  in |    1| ap_ctrl_hs |      dut     | return value |
|ap_start             |  in |    1| ap_ctrl_hs |      dut     | return value |
|ap_done              | out |    1| ap_ctrl_hs |      dut     | return value |
|ap_idle              | out |    1| ap_ctrl_hs |      dut     | return value |
|ap_ready             | out |    1| ap_ctrl_hs |      dut     | return value |
|strm_in_V_V_dout     |  in |   32|   ap_fifo  |  strm_in_V_V |    pointer   |
|strm_in_V_V_empty_n  |  in |    1|   ap_fifo  |  strm_in_V_V |    pointer   |
|strm_in_V_V_read     | out |    1|   ap_fifo  |  strm_in_V_V |    pointer   |
|strm_out_V_V_din     | out |   32|   ap_fifo  | strm_out_V_V |    pointer   |
|strm_out_V_V_full_n  |  in |    1|   ap_fifo  | strm_out_V_V |    pointer   |
|strm_out_V_V_write   | out |    1|   ap_fifo  | strm_out_V_V |    pointer   |
+---------------------+-----+-----+------------+--------------+--------------+

