

================================================================
== Vivado HLS Report for 'dut_perform_conv'
================================================================
* Date:           Sat Oct 28 19:55:01 2017

* Version:        2016.2 (Build 1577090 on Thu Jun 02 16:59:10 MDT 2016)
* Project:        cnn.prj
* Solution:       solution1
* Product family: zynq
* Target device:  xc7z020clg484-1


================================================================
== Performance Estimates
================================================================
+ Timing (ns): 
    * Summary: 
    +--------+-------+----------+------------+
    |  Clock | Target| Estimated| Uncertainty|
    +--------+-------+----------+------------+
    |ap_clk  |  10.00|      8.41|        1.25|
    +--------+-------+----------+------------+

+ Latency (clock cycles): 
    * Summary: 
    +-------+---------+-------+---------+---------+
    |     Latency     |     Interval    | Pipeline|
    |  min  |   max   |  min  |   max   |   Type  |
    +-------+---------+-------+---------+---------+
    |  39971|  6440675|  39971|  6440675|   none  |
    +-------+---------+-------+---------+---------+

    + Detail: 
        * Instance: 
        N/A

        * Loop: 
        +-----------------------------+-------+---------+---------------+-----------+-----------+---------+----------+
        |                             |     Latency     |   Iteration   |  Initiation Interval  |   Trip  |          |
        |          Loop Name          |  min  |   max   |    Latency    |  achieved |   target  |  Count  | Pipelined|
        +-----------------------------+-------+---------+---------------+-----------+-----------+---------+----------+
        |- Loop 1                     |    800|      800|              1|          -|          -|      800|    no    |
        |- Loop 2                     |  36320|  6424704| 1135 ~ 100386 |          -|          -| 32 ~ 64 |    no    |
        | + Loop 2.1                  |   1133|   100384|  1133 ~ 3137  |          -|          -|  1 ~ 32 |    no    |
        |  ++ Loop 2.1.1              |   1131|     3135|   377 ~ 627   |          -|          -|  3 ~ 5  |    no    |
        |   +++ Loop 2.1.1.1          |    375|      625|            125|          -|          -|  3 ~ 5  |    no    |
        |    ++++ Loop 2.1.1.1.1      |    123|      123|             41|          -|          -|        3|    no    |
        |     +++++ Loop 2.1.1.1.1.1  |     39|       39|             13|          -|          -|        3|    no    |
        |- Loop 3                     |   2848|    15168|    89 ~ 237   |          -|          -| 32 ~ 64 |    no    |
        | + Loop 3.1                  |     87|      235|    29 ~ 47    |          -|          -|  3 ~ 5  |    no    |
        |  ++ Loop 3.1.1              |     27|       45|              9|          -|          -|  3 ~ 5  |    no    |
        +-----------------------------+-------+---------+---------------+-----------+-----------+---------+----------+



================================================================
== Utilization Estimates
================================================================
* Summary: 
+-----------------+---------+-------+--------+-------+
|       Name      | BRAM_18K| DSP48E|   FF   |  LUT  |
+-----------------+---------+-------+--------+-------+
|DSP              |        -|      -|       -|      -|
|Expression       |        -|      3|       0|    237|
|FIFO             |        -|      -|       -|      -|
|Instance         |        -|      5|     414|    950|
|Memory           |        -|      -|       -|      -|
|Multiplexer      |        -|      -|       -|    197|
|Register         |        -|      -|     505|      -|
+-----------------+---------+-------+--------+-------+
|Total            |        0|      8|     919|   1384|
+-----------------+---------+-------+--------+-------+
|Available        |      280|    220|  106400|  53200|
+-----------------+---------+-------+--------+-------+
|Utilization (%)  |        0|      3|   ~0   |      2|
+-----------------+---------+-------+--------+-------+

+ Detail: 
    * Instance: 
    +-------------------------------------+----------------------------------+---------+-------+-----+-----+
    |               Instance              |              Module              | BRAM_18K| DSP48E|  FF | LUT |
    +-------------------------------------+----------------------------------+---------+-------+-----+-----+
    |dut_fadd_32ns_32ns_32_5_full_dsp_U1  |dut_fadd_32ns_32ns_32_5_full_dsp  |        0|      2|  205|  390|
    |dut_fcmp_32ns_32ns_1_1_U3            |dut_fcmp_32ns_32ns_1_1            |        0|      0|   66|  239|
    |dut_fmul_32ns_32ns_32_4_max_dsp_U2   |dut_fmul_32ns_32ns_32_4_max_dsp   |        0|      3|  143|  321|
    +-------------------------------------+----------------------------------+---------+-------+-----+-----+
    |Total                                |                                  |        0|      5|  414|  950|
    +-------------------------------------+----------------------------------+---------+-------+-----+-----+

    * DSP48: 
    N/A

    * Memory: 
    N/A

    * FIFO: 
    N/A

    * Expression: 
    +----------------------+----------+-------+---+----+------------+------------+
    |     Variable Name    | Operation| DSP48E| FF| LUT| Bitwidth P0| Bitwidth P1|
    +----------------------+----------+-------+---+----+------------+------------+
    |ofmap_size_fu_375_p2  |     *    |      1|  0|   7|           4|           4|
    |tmp1_fu_643_p2        |     *    |      1|  0|   0|           3|           8|
    |tmp_8_fu_458_p2       |     *    |      1|  0|   4|           6|           3|
    |I_fu_357_p2           |     +    |      0|  0|   3|           2|           3|
    |c_1_fu_572_p2         |     +    |      0|  0|   2|           2|           1|
    |i_1_fu_387_p2         |     +    |      0|  0|  10|          10|           1|
    |i_index_fu_652_p2     |     +    |      0|  0|   2|          11|          11|
    |index_fu_740_p2       |     +    |      0|  0|   2|          11|          11|
    |m_1_fu_452_p2         |     +    |      0|  0|   6|           6|           1|
    |n_1_fu_429_p2         |     +    |      0|  0|   7|           7|           1|
    |n_2_fu_680_p2         |     +    |      0|  0|   7|           7|           1|
    |next_mul1_fu_666_p2   |     +    |      0|  0|  11|          11|          11|
    |next_mul2_fu_725_p2   |     +    |      0|  0|   7|           7|           7|
    |next_mul3_fu_415_p2   |     +    |      0|  0|  11|          11|          11|
    |next_mul8_fu_410_p2   |     +    |      0|  0|  11|          11|          11|
    |next_mul_fu_514_p2    |     +    |      0|  0|   7|           7|           7|
    |o_index_fu_548_p2     |     +    |      0|  0|   2|          11|          11|
    |r_1_fu_592_p2         |     +    |      0|  0|   2|           2|           1|
    |tmp2_fu_542_p2        |     +    |      0|  0|   2|          11|          11|
    |tmp3_fu_598_p2        |     +    |      0|  0|   2|           8|           8|
    |tmp4_fu_648_p2        |     +    |      0|  0|   2|          11|          11|
    |tmp5_fu_485_p2        |     +    |      0|  0|  15|          15|          15|
    |tmp6_fu_626_p2        |     +    |      0|  0|   2|           5|           5|
    |tmp7_fu_734_p2        |     +    |      0|  0|   2|          11|          11|
    |tmp_9_fu_463_p2       |     +    |      0|  0|  11|          11|          11|
    |tmp_fu_603_p2         |     +    |      0|  0|   2|           8|           8|
    |w_index_fu_635_p2     |     +    |      0|  0|  16|          16|          16|
    |x_1_fu_508_p2         |     +    |      0|  0|   3|           3|           1|
    |x_2_fu_704_p2         |     +    |      0|  0|   3|           3|           1|
    |y_1_fu_719_p2         |     +    |      0|  0|   3|           3|           1|
    |y_2_fu_532_p2         |     +    |      0|  0|   3|           3|           1|
    |tmp_18_fu_620_p2      |     -    |      0|  0|   2|           5|           5|
    |tmp_20_fu_786_p2      |    and   |      0|  0|   1|           1|           1|
    |exitcond1_fu_586_p2   |   icmp   |      0|  0|   1|           2|           2|
    |exitcond2_fu_566_p2   |   icmp   |      0|  0|   1|           2|           2|
    |exitcond3_fu_527_p2   |   icmp   |      0|  0|   2|           4|           4|
    |exitcond4_fu_381_p2   |   icmp   |      0|  0|   4|          10|           9|
    |exitcond_fu_714_p2    |   icmp   |      0|  0|   2|           4|           4|
    |notlhs_fu_768_p2      |   icmp   |      0|  0|   3|           8|           2|
    |notrhs_fu_774_p2      |   icmp   |      0|  0|   8|          23|           1|
    |tmp_10_fu_503_p2      |   icmp   |      0|  0|   2|           4|           4|
    |tmp_11_fu_699_p2      |   icmp   |      0|  0|   2|           4|           4|
    |tmp_3_fu_424_p2       |   icmp   |      0|  0|   3|           8|           8|
    |tmp_6_fu_447_p2       |   icmp   |      0|  0|   3|           7|           7|
    |tmp_7_fu_675_p2       |   icmp   |      0|  0|   3|           8|           8|
    |tmp_17_fu_780_p2      |    or    |      0|  0|   1|           1|           1|
    |biased_1_fu_792_p3    |  select  |      0|  0|  32|           1|          32|
    +----------------------+----------+-------+---+----+------------+------------+
    |Total                 |          |      3|  0| 237|         329|         298|
    +----------------------+----------+-------+---+----+------------+------------+

    * Multiplexer: 
    +-------------------+----+-----------+-----+-----------+
    |        Name       | LUT| Input Size| Bits| Total Bits|
    +-------------------+----+-----------+-----+-----------+
    |ap_NS_fsm          |  30|         32|    1|         32|
    |c_reg_249          |   2|          2|    2|          4|
    |grp_fu_327_p1      |  32|          3|   32|         96|
    |i_reg_159          |  10|          2|   10|         20|
    |m_reg_205          |   6|          2|    6|         12|
    |n1_reg_271         |   7|          2|    7|         14|
    |n_reg_170          |   7|          2|    7|         14|
    |output_r_address0  |  10|          5|   10|         50|
    |output_r_d0        |  32|          4|   32|        128|
    |phi_mul1_reg_282   |  11|          2|   11|         22|
    |phi_mul2_reg_181   |  11|          2|   11|         22|
    |phi_mul7_reg_193   |  11|          2|   11|         22|
    |phi_mul9_reg_316   |   7|          2|    7|         14|
    |phi_mul_reg_238    |   7|          2|    7|         14|
    |r_reg_260          |   2|          2|    2|          4|
    |x2_reg_294         |   3|          2|    3|          6|
    |x_reg_216          |   3|          2|    3|          6|
    |y3_reg_305         |   3|          2|    3|          6|
    |y_reg_227          |   3|          2|    3|          6|
    +-------------------+----+-----------+-----+-----------+
    |Total              | 197|         74|  168|        492|
    +-------------------+----+-----------+-----+-----------+

    * Register: 
    +------------------------+----+----+-----+-----------+
    |          Name          | FF | LUT| Bits| Const Bits|
    +------------------------+----+----+-----+-----------+
    |I_cast24_cast_reg_821   |   3|   0|   11|          8|
    |I_cast_cast_reg_826     |   3|   0|    8|          5|
    |O_cast4_reg_860         |   4|   0|    7|          3|
    |ap_CS_fsm               |  31|   0|   31|          0|
    |bias_addr_reg_1018      |   6|   0|    6|          0|
    |bias_load_reg_1054      |  32|   0|   32|          0|
    |biased_1_reg_1059       |  32|   0|   32|          0|
    |c_1_reg_952             |   2|   0|    2|          0|
    |c_cast1_reg_944         |   2|   0|   11|          9|
    |c_cast_reg_939          |   2|   0|    5|          3|
    |c_reg_249               |   2|   0|    2|          0|
    |i_reg_159               |  10|   0|   10|          0|
    |m_1_reg_887             |   6|   0|    6|          0|
    |m_reg_205               |   6|   0|    6|          0|
    |n1_reg_271              |   7|   0|    7|          0|
    |n_1_reg_879             |   7|   0|    7|          0|
    |n_2_reg_1013            |   7|   0|    7|          0|
    |n_reg_170               |   7|   0|    7|          0|
    |next_mul1_reg_1005      |  11|   0|   11|          0|
    |next_mul2_reg_1044      |   7|   0|    7|          0|
    |next_mul3_reg_871       |  11|   0|   11|          0|
    |next_mul8_reg_866       |  11|   0|   11|          0|
    |next_mul_reg_916        |   7|   0|    7|          0|
    |ofmap_size_reg_831      |   8|   0|    8|          0|
    |output_addr_1_reg_1049  |  10|   0|   10|          0|
    |output_addr_2_reg_934   |  10|   0|   10|          0|
    |phi_mul1_reg_282        |  11|   0|   11|          0|
    |phi_mul2_reg_181        |  11|   0|   11|          0|
    |phi_mul7_reg_193        |  11|   0|   11|          0|
    |phi_mul9_reg_316        |   7|   0|    7|          0|
    |phi_mul_reg_238         |   7|   0|    7|          0|
    |r_1_reg_960             |   2|   0|    2|          0|
    |r_reg_260               |   2|   0|    2|          0|
    |reg_342                 |  32|   0|   32|          0|
    |reg_347                 |  32|   0|   32|          0|
    |tmp1_reg_975            |  11|   0|   11|          0|
    |tmp5_cast_reg_897       |  15|   0|   16|          1|
    |tmp_12_reg_855          |   7|   0|    7|          0|
    |tmp_23_reg_1000         |  32|   0|   32|          0|
    |tmp_4_reg_844           |   8|   0|   11|          3|
    |tmp_5_reg_849           |   8|   0|   11|          3|
    |tmp_8_reg_892           |   8|   0|    8|          0|
    |tmp_reg_965             |   8|   0|    8|          0|
    |w_index_reg_970         |  16|   0|   16|          0|
    |x2_cast9_reg_1023       |   3|   0|   11|          8|
    |x2_reg_294              |   3|   0|    3|          0|
    |x_1_reg_911             |   3|   0|    3|          0|
    |x_2_reg_1031            |   3|   0|    3|          0|
    |x_cast1_reg_902         |   3|   0|   11|          8|
    |x_reg_216               |   3|   0|    3|          0|
    |y3_reg_305              |   3|   0|    3|          0|
    |y_1_reg_1039            |   3|   0|    3|          0|
    |y_2_reg_929             |   3|   0|    3|          0|
    |y_cast1_reg_921         |   3|   0|    8|          5|
    |y_reg_227               |   3|   0|    3|          0|
    +------------------------+----+----+-----+-----------+
    |Total                   | 505|   0|  561|         56|
    +------------------------+----+----+-----+-----------+



================================================================
== Interface
================================================================
* Summary: 
+-------------------+-----+-----+------------+------------------+--------------+
|     RTL Ports     | Dir | Bits|  Protocol  |   Source Object  |    C Type    |
+-------------------+-----+-----+------------+------------------+--------------+
|ap_clk             |  in |    1| ap_ctrl_hs | dut_perform_conv | return value |
|ap_rst             |  in |    1| ap_ctrl_hs | dut_perform_conv | return value |
|ap_start           |  in |    1| ap_ctrl_hs | dut_perform_conv | return value |
|ap_done            | out |    1| ap_ctrl_hs | dut_perform_conv | return value |
|ap_idle            | out |    1| ap_ctrl_hs | dut_perform_conv | return value |
|ap_ready           | out |    1| ap_ctrl_hs | dut_perform_conv | return value |
|input_r_address0   | out |   10|  ap_memory |      input_r     |     array    |
|input_r_ce0        | out |    1|  ap_memory |      input_r     |     array    |
|input_r_q0         |  in |   32|  ap_memory |      input_r     |     array    |
|output_r_address0  | out |   10|  ap_memory |     output_r     |     array    |
|output_r_ce0       | out |    1|  ap_memory |     output_r     |     array    |
|output_r_we0       | out |    1|  ap_memory |     output_r     |     array    |
|output_r_d0        | out |   32|  ap_memory |     output_r     |     array    |
|output_r_q0        |  in |   32|  ap_memory |     output_r     |     array    |
|weight_address0    | out |   15|  ap_memory |      weight      |     array    |
|weight_ce0         | out |    1|  ap_memory |      weight      |     array    |
|weight_q0          |  in |   32|  ap_memory |      weight      |     array    |
|bias_address0      | out |    6|  ap_memory |       bias       |     array    |
|bias_ce0           | out |    1|  ap_memory |       bias       |     array    |
|bias_q0            |  in |   32|  ap_memory |       bias       |     array    |
|M                  |  in |    8|   ap_none  |         M        |    scalar    |
|N                  |  in |    8|   ap_none  |         N        |    scalar    |
|O                  |  in |    4|   ap_none  |         O        |    scalar    |
+-------------------+-----+-----+------------+------------------+--------------+

